Cloning into '/tmp/gotth-webhooks-lifecycle-second-20a1223'...
hint: Using 'master' as the name for the initial branch. This default branch name
hint: will change to "main" in Git 3.0. To configure the initial branch name
hint: to use in all of your new repositories, which will suppress this warning,
hint: call:
hint:
hint: 	git config --global init.defaultBranch <name>
hint:
hint: Names commonly chosen instead of 'master' are 'main', 'trunk' and
hint: 'development'. The just-created branch can be renamed via this command:
hint:
hint: 	git branch -m <name>
hint:
hint: Disable this message with "git config set advice.defaultBranchName false"
warning: remote HEAD refers to nonexistent ref, unable to checkout
HEAD is now at 20a1223 Add explicit dispatcher lifecycle
head_before=20a122362ede5c6c934d39e809ff52747887bd1f
status_before_begin
status_before_end
ok  	github.com/gotthboard/gotth-webhooks/pkg/webhooks	0.114s
head_after=20a122362ede5c6c934d39e809ff52747887bd1f
status_after_begin
status_after_end
