mode: atomic
github.com/gotthboard/gotth-webhooks/pkg/webhooks/dispatcher.go:43.43,45.16 2 3
github.com/gotthboard/gotth-webhooks/pkg/webhooks/dispatcher.go:45.16,47.3 1 1
github.com/gotthboard/gotth-webhooks/pkg/webhooks/dispatcher.go:48.2,52.9 1 2
github.com/gotthboard/gotth-webhooks/pkg/webhooks/dispatcher.go:58.75,66.2 1 43
github.com/gotthboard/gotth-webhooks/pkg/webhooks/dispatcher.go:75.30,77.32 2 1009
github.com/gotthboard/gotth-webhooks/pkg/webhooks/dispatcher.go:77.32,82.77 5 6
github.com/gotthboard/gotth-webhooks/pkg/webhooks/dispatcher.go:82.77,84.4 1 3
github.com/gotthboard/gotth-webhooks/pkg/webhooks/dispatcher.go:111.80,114.22 3 1205
github.com/gotthboard/gotth-webhooks/pkg/webhooks/dispatcher.go:114.22,117.3 2 1007
github.com/gotthboard/gotth-webhooks/pkg/webhooks/dispatcher.go:118.2,121.16 4 198
github.com/gotthboard/gotth-webhooks/pkg/webhooks/dispatcher.go:121.16,123.3 1 6
github.com/gotthboard/gotth-webhooks/pkg/webhooks/dispatcher.go:124.2,125.16 2 192
github.com/gotthboard/gotth-webhooks/pkg/webhooks/dispatcher.go:125.16,127.3 1 105
github.com/gotthboard/gotth-webhooks/pkg/webhooks/dispatcher.go:128.2,129.73 2 87
github.com/gotthboard/gotth-webhooks/pkg/webhooks/dispatcher.go:129.73,131.3 1 1
github.com/gotthboard/gotth-webhooks/pkg/webhooks/dispatcher.go:132.2,132.65 1 86
github.com/gotthboard/gotth-webhooks/pkg/webhooks/dispatcher.go:132.65,134.35 2 91
github.com/gotthboard/gotth-webhooks/pkg/webhooks/dispatcher.go:134.35,137.4 2 1
github.com/gotthboard/gotth-webhooks/pkg/webhooks/dispatcher.go:138.3,148.48 3 90
github.com/gotthboard/gotth-webhooks/pkg/webhooks/dispatcher.go:148.48,150.4 1 2
github.com/gotthboard/gotth-webhooks/pkg/webhooks/dispatcher.go:151.3,151.26 1 88
github.com/gotthboard/gotth-webhooks/pkg/webhooks/dispatcher.go:152.25,153.22 1 60
github.com/gotthboard/gotth-webhooks/pkg/webhooks/dispatcher.go:154.25,155.45 1 15
github.com/gotthboard/gotth-webhooks/pkg/webhooks/dispatcher.go:155.45,157.5 1 1
github.com/gotthboard/gotth-webhooks/pkg/webhooks/dispatcher.go:158.4,158.40 1 14
github.com/gotthboard/gotth-webhooks/pkg/webhooks/dispatcher.go:158.40,160.5 1 1
github.com/gotthboard/gotth-webhooks/pkg/webhooks/dispatcher.go:161.4,161.20 1 13
github.com/gotthboard/gotth-webhooks/pkg/webhooks/dispatcher.go:161.20,163.5 1 10
github.com/gotthboard/gotth-webhooks/pkg/webhooks/dispatcher.go:164.4,164.80 1 3
github.com/gotthboard/gotth-webhooks/pkg/webhooks/dispatcher.go:165.24,166.36 1 2
github.com/gotthboard/gotth-webhooks/pkg/webhooks/dispatcher.go:166.36,168.5 1 2
github.com/gotthboard/gotth-webhooks/pkg/webhooks/dispatcher.go:169.4,169.35 1 0
github.com/gotthboard/gotth-webhooks/pkg/webhooks/dispatcher.go:170.25,171.46 1 11
github.com/gotthboard/gotth-webhooks/pkg/webhooks/dispatcher.go:171.46,173.5 1 5
github.com/gotthboard/gotth-webhooks/pkg/webhooks/dispatcher.go:175.3,176.44 2 6
github.com/gotthboard/gotth-webhooks/pkg/webhooks/dispatcher.go:176.44,178.4 1 1
github.com/gotthboard/gotth-webhooks/pkg/webhooks/dispatcher.go:180.2,180.43 1 0
github.com/gotthboard/gotth-webhooks/pkg/webhooks/dispatcher.go:199.114,205.16 6 90
github.com/gotthboard/gotth-webhooks/pkg/webhooks/dispatcher.go:205.16,210.3 4 0
github.com/gotthboard/gotth-webhooks/pkg/webhooks/dispatcher.go:211.2,212.16 2 90
github.com/gotthboard/gotth-webhooks/pkg/webhooks/dispatcher.go:212.16,213.38 1 14
github.com/gotthboard/gotth-webhooks/pkg/webhooks/dispatcher.go:213.38,215.4 1 0
github.com/gotthboard/gotth-webhooks/pkg/webhooks/dispatcher.go:216.3,218.26 3 14
github.com/gotthboard/gotth-webhooks/pkg/webhooks/dispatcher.go:220.2,224.41 5 76
github.com/gotthboard/gotth-webhooks/pkg/webhooks/dispatcher.go:224.41,228.3 3 1
github.com/gotthboard/gotth-webhooks/pkg/webhooks/dispatcher.go:229.2,229.16 1 75
github.com/gotthboard/gotth-webhooks/pkg/webhooks/dispatcher.go:229.16,232.3 2 4
github.com/gotthboard/gotth-webhooks/pkg/webhooks/dispatcher.go:233.2,234.41 2 71
github.com/gotthboard/gotth-webhooks/pkg/webhooks/dispatcher.go:234.41,236.3 1 10
github.com/gotthboard/gotth-webhooks/pkg/webhooks/dispatcher.go:237.2,237.33 1 71
github.com/gotthboard/gotth-webhooks/pkg/webhooks/dispatcher.go:243.54,245.2 1 180
github.com/gotthboard/gotth-webhooks/pkg/webhooks/dispatcher.go:252.97,253.25 1 32
github.com/gotthboard/gotth-webhooks/pkg/webhooks/dispatcher.go:253.25,255.3 1 7
github.com/gotthboard/gotth-webhooks/pkg/webhooks/dispatcher.go:256.2,256.36 1 25
github.com/gotthboard/gotth-webhooks/pkg/webhooks/dispatcher.go:256.36,258.3 1 2
github.com/gotthboard/gotth-webhooks/pkg/webhooks/dispatcher.go:259.2,259.42 1 23
github.com/gotthboard/gotth-webhooks/pkg/webhooks/dispatcher.go:259.42,261.3 1 7
github.com/gotthboard/gotth-webhooks/pkg/webhooks/dispatcher.go:262.2,263.95 1 16
github.com/gotthboard/gotth-webhooks/pkg/webhooks/dispatcher.go:263.95,265.3 1 3
github.com/gotthboard/gotth-webhooks/pkg/webhooks/dispatcher.go:266.2,266.38 1 13
github.com/gotthboard/gotth-webhooks/pkg/webhooks/dispatcher.go:266.38,268.3 1 4
github.com/gotthboard/gotth-webhooks/pkg/webhooks/dispatcher.go:269.2,269.41 1 9
github.com/gotthboard/gotth-webhooks/pkg/webhooks/dispatcher.go:277.76,280.69 3 90
github.com/gotthboard/gotth-webhooks/pkg/webhooks/dispatcher.go:280.69,282.3 1 2
github.com/gotthboard/gotth-webhooks/pkg/webhooks/dispatcher.go:283.2,283.12 1 88
github.com/gotthboard/gotth-webhooks/pkg/webhooks/network.go:35.50,35.90 1 0
github.com/gotthboard/gotth-webhooks/pkg/webhooks/network.go:39.50,39.68 1 16
github.com/gotthboard/gotth-webhooks/pkg/webhooks/network.go:60.97,61.64 1 32
github.com/gotthboard/gotth-webhooks/pkg/webhooks/network.go:61.64,63.3 1 1
github.com/gotthboard/gotth-webhooks/pkg/webhooks/network.go:64.2,65.16 2 31
github.com/gotthboard/gotth-webhooks/pkg/webhooks/network.go:65.16,67.3 1 2
github.com/gotthboard/gotth-webhooks/pkg/webhooks/network.go:69.2,70.65 2 29
github.com/gotthboard/gotth-webhooks/pkg/webhooks/network.go:70.65,72.3 1 11
github.com/gotthboard/gotth-webhooks/pkg/webhooks/network.go:72.8,74.17 2 18
github.com/gotthboard/gotth-webhooks/pkg/webhooks/network.go:74.17,75.48 1 2
github.com/gotthboard/gotth-webhooks/pkg/webhooks/network.go:75.48,77.5 1 1
github.com/gotthboard/gotth-webhooks/pkg/webhooks/network.go:78.4,78.56 1 1
github.com/gotthboard/gotth-webhooks/pkg/webhooks/network.go:81.2,81.66 1 27
github.com/gotthboard/gotth-webhooks/pkg/webhooks/network.go:81.66,83.3 1 3
github.com/gotthboard/gotth-webhooks/pkg/webhooks/network.go:84.2,84.38 1 24
github.com/gotthboard/gotth-webhooks/pkg/webhooks/network.go:84.38,85.34 1 57
github.com/gotthboard/gotth-webhooks/pkg/webhooks/network.go:85.34,87.4 1 2
github.com/gotthboard/gotth-webhooks/pkg/webhooks/network.go:90.2,92.38 3 22
github.com/gotthboard/gotth-webhooks/pkg/webhooks/network.go:92.38,93.35 1 25
github.com/gotthboard/gotth-webhooks/pkg/webhooks/network.go:93.35,95.4 1 1
github.com/gotthboard/gotth-webhooks/pkg/webhooks/network.go:96.3,97.21 2 24
github.com/gotthboard/gotth-webhooks/pkg/webhooks/network.go:97.21,99.4 1 7
github.com/gotthboard/gotth-webhooks/pkg/webhooks/network.go:100.3,100.35 1 17
github.com/gotthboard/gotth-webhooks/pkg/webhooks/network.go:100.35,102.4 1 1
github.com/gotthboard/gotth-webhooks/pkg/webhooks/network.go:103.3,103.52 1 16
github.com/gotthboard/gotth-webhooks/pkg/webhooks/network.go:103.52,105.4 1 8
github.com/gotthboard/gotth-webhooks/pkg/webhooks/network.go:106.3,106.20 1 16
github.com/gotthboard/gotth-webhooks/pkg/webhooks/network.go:111.2,111.18 1 13
github.com/gotthboard/gotth-webhooks/pkg/webhooks/network.go:111.18,113.3 1 5
github.com/gotthboard/gotth-webhooks/pkg/webhooks/network.go:114.2,114.28 1 8
github.com/gotthboard/gotth-webhooks/pkg/webhooks/network.go:123.69,143.2 6 3
github.com/gotthboard/gotth-webhooks/pkg/webhooks/network.go:152.50,154.29 2 25
github.com/gotthboard/gotth-webhooks/pkg/webhooks/network.go:154.29,156.3 1 8
github.com/gotthboard/gotth-webhooks/pkg/webhooks/network.go:157.2,157.49 1 17
github.com/gotthboard/gotth-webhooks/pkg/webhooks/network.go:167.58,174.4 1 35
github.com/gotthboard/gotth-webhooks/pkg/webhooks/network.go:174.4,175.32 1 161
github.com/gotthboard/gotth-webhooks/pkg/webhooks/network.go:175.32,177.4 1 5
github.com/gotthboard/gotth-webhooks/pkg/webhooks/network.go:179.2,180.73 2 30
github.com/gotthboard/gotth-webhooks/pkg/webhooks/network.go:180.73,182.3 1 5
github.com/gotthboard/gotth-webhooks/pkg/webhooks/network.go:183.2,183.100 1 25
github.com/gotthboard/gotth-webhooks/pkg/webhooks/network.go:183.100,185.3 1 1
github.com/gotthboard/gotth-webhooks/pkg/webhooks/network.go:186.2,196.4 1 24
github.com/gotthboard/gotth-webhooks/pkg/webhooks/network.go:196.4,197.32 1 183
github.com/gotthboard/gotth-webhooks/pkg/webhooks/network.go:197.32,199.4 1 5
github.com/gotthboard/gotth-webhooks/pkg/webhooks/network.go:201.2,201.14 1 19
github.com/gotthboard/gotth-webhooks/pkg/webhooks/network.go:211.54,221.2 5 23
github.com/gotthboard/gotth-webhooks/pkg/webhooks/retry.go:13.41,14.36 1 83
github.com/gotthboard/gotth-webhooks/pkg/webhooks/retry.go:14.36,16.3 1 63
github.com/gotthboard/gotth-webhooks/pkg/webhooks/retry.go:17.2,17.150 1 20
github.com/gotthboard/gotth-webhooks/pkg/webhooks/retry.go:17.150,19.3 1 12
github.com/gotthboard/gotth-webhooks/pkg/webhooks/retry.go:20.2,20.25 1 8
github.com/gotthboard/gotth-webhooks/pkg/webhooks/retry.go:35.57,36.17 1 83
github.com/gotthboard/gotth-webhooks/pkg/webhooks/retry.go:36.17,38.3 1 1
github.com/gotthboard/gotth-webhooks/pkg/webhooks/retry.go:39.2,41.26 3 82
github.com/gotthboard/gotth-webhooks/pkg/webhooks/retry.go:41.26,43.3 1 3
github.com/gotthboard/gotth-webhooks/pkg/webhooks/retry.go:44.2,44.20 1 79
github.com/gotthboard/gotth-webhooks/pkg/webhooks/retry.go:44.20,46.3 1 5
github.com/gotthboard/gotth-webhooks/pkg/webhooks/retry.go:47.2,47.20 1 74
github.com/gotthboard/gotth-webhooks/pkg/webhooks/retry.go:58.98,60.67 2 19
github.com/gotthboard/gotth-webhooks/pkg/webhooks/retry.go:60.67,61.32 1 5
github.com/gotthboard/gotth-webhooks/pkg/webhooks/retry.go:61.32,63.9 2 2
github.com/gotthboard/gotth-webhooks/pkg/webhooks/retry.go:65.3,65.13 1 3
github.com/gotthboard/gotth-webhooks/pkg/webhooks/retry.go:67.2,67.91 1 19
github.com/gotthboard/gotth-webhooks/pkg/webhooks/retry.go:67.91,69.3 1 6
github.com/gotthboard/gotth-webhooks/pkg/webhooks/retry.go:70.2,70.14 1 19
github.com/gotthboard/gotth-webhooks/pkg/webhooks/retry.go:78.97,79.58 1 27
github.com/gotthboard/gotth-webhooks/pkg/webhooks/retry.go:79.58,81.3 1 1
github.com/gotthboard/gotth-webhooks/pkg/webhooks/retry.go:82.2,83.17 2 26
github.com/gotthboard/gotth-webhooks/pkg/webhooks/retry.go:83.17,85.3 1 8
github.com/gotthboard/gotth-webhooks/pkg/webhooks/retry.go:86.2,90.28 5 18
github.com/gotthboard/gotth-webhooks/pkg/webhooks/retry.go:90.28,92.25 2 132108
github.com/gotthboard/gotth-webhooks/pkg/webhooks/retry.go:92.25,94.9 2 11
github.com/gotthboard/gotth-webhooks/pkg/webhooks/retry.go:96.3,96.16 1 132097
github.com/gotthboard/gotth-webhooks/pkg/webhooks/retry.go:96.16,97.12 1 132088
github.com/gotthboard/gotth-webhooks/pkg/webhooks/retry.go:99.3,100.85 2 9
github.com/gotthboard/gotth-webhooks/pkg/webhooks/retry.go:100.85,102.12 2 6
github.com/gotthboard/gotth-webhooks/pkg/webhooks/retry.go:104.3,104.31 1 3
github.com/gotthboard/gotth-webhooks/pkg/webhooks/retry.go:106.2,106.12 1 18
github.com/gotthboard/gotth-webhooks/pkg/webhooks/retry.go:106.12,107.16 1 7
github.com/gotthboard/gotth-webhooks/pkg/webhooks/retry.go:107.16,109.4 1 6
github.com/gotthboard/gotth-webhooks/pkg/webhooks/retry.go:110.3,110.52 1 1
github.com/gotthboard/gotth-webhooks/pkg/webhooks/retry.go:112.2,113.36 2 11
github.com/gotthboard/gotth-webhooks/pkg/webhooks/retry.go:113.36,115.3 1 9
github.com/gotthboard/gotth-webhooks/pkg/webhooks/retry.go:116.2,117.22 2 2
github.com/gotthboard/gotth-webhooks/pkg/webhooks/retry.go:117.22,119.3 1 1
github.com/gotthboard/gotth-webhooks/pkg/webhooks/retry.go:120.2,120.20 1 1
github.com/gotthboard/gotth-webhooks/pkg/webhooks/retry.go:128.66,131.9 3 2
github.com/gotthboard/gotth-webhooks/pkg/webhooks/retry.go:132.20,133.19 1 1
github.com/gotthboard/gotth-webhooks/pkg/webhooks/retry.go:134.17,135.13 1 1
github.com/gotthboard/gotth-webhooks/pkg/webhooks/signing.go:23.138,43.16 8 111
github.com/gotthboard/gotth-webhooks/pkg/webhooks/signing.go:43.16,45.3 1 0
github.com/gotthboard/gotth-webhooks/pkg/webhooks/signing.go:46.2,54.28 9 111
github.com/gotthboard/gotth-webhooks/pkg/webhooks/values.go:91.38,93.2 1 128
github.com/gotthboard/gotth-webhooks/pkg/webhooks/values.go:103.54,105.55 2 129
github.com/gotthboard/gotth-webhooks/pkg/webhooks/values.go:105.55,107.3 1 1
github.com/gotthboard/gotth-webhooks/pkg/webhooks/values.go:108.2,108.66 1 128
github.com/gotthboard/gotth-webhooks/pkg/webhooks/values.go:117.58,118.25 1 80
github.com/gotthboard/gotth-webhooks/pkg/webhooks/values.go:118.25,120.3 1 3
github.com/gotthboard/gotth-webhooks/pkg/webhooks/values.go:121.2,121.66 1 77
github.com/gotthboard/gotth-webhooks/pkg/webhooks/values.go:121.66,123.3 1 1
github.com/gotthboard/gotth-webhooks/pkg/webhooks/values.go:124.2,124.86 1 76
github.com/gotthboard/gotth-webhooks/pkg/webhooks/values.go:124.86,126.3 1 5
github.com/gotthboard/gotth-webhooks/pkg/webhooks/values.go:128.2,129.30 2 71
github.com/gotthboard/gotth-webhooks/pkg/webhooks/values.go:129.30,131.3 1 5
github.com/gotthboard/gotth-webhooks/pkg/webhooks/values.go:132.2,132.165 1 71
github.com/gotthboard/gotth-webhooks/pkg/webhooks/values.go:132.165,134.3 1 9
github.com/gotthboard/gotth-webhooks/pkg/webhooks/values.go:135.2,136.25 2 62
github.com/gotthboard/gotth-webhooks/pkg/webhooks/values.go:136.25,138.3 1 8
github.com/gotthboard/gotth-webhooks/pkg/webhooks/values.go:139.2,139.77 1 62
github.com/gotthboard/gotth-webhooks/pkg/webhooks/values.go:139.77,141.3 1 4
github.com/gotthboard/gotth-webhooks/pkg/webhooks/values.go:142.2,143.25 2 58
github.com/gotthboard/gotth-webhooks/pkg/webhooks/values.go:143.25,145.3 1 44
github.com/gotthboard/gotth-webhooks/pkg/webhooks/values.go:146.2,146.78 1 58
github.com/gotthboard/gotth-webhooks/pkg/webhooks/values.go:146.78,148.3 1 4
github.com/gotthboard/gotth-webhooks/pkg/webhooks/values.go:149.2,150.147 2 54
github.com/gotthboard/gotth-webhooks/pkg/webhooks/values.go:159.61,161.16 2 329
github.com/gotthboard/gotth-webhooks/pkg/webhooks/values.go:161.16,163.3 1 8
github.com/gotthboard/gotth-webhooks/pkg/webhooks/values.go:164.2,164.69 1 321
github.com/gotthboard/gotth-webhooks/pkg/webhooks/values.go:164.69,166.3 1 1
github.com/gotthboard/gotth-webhooks/pkg/webhooks/values.go:167.2,167.67 1 320
github.com/gotthboard/gotth-webhooks/pkg/webhooks/values.go:167.67,169.3 1 1
github.com/gotthboard/gotth-webhooks/pkg/webhooks/values.go:170.2,171.23 2 319
github.com/gotthboard/gotth-webhooks/pkg/webhooks/values.go:171.23,173.3 1 315
github.com/gotthboard/gotth-webhooks/pkg/webhooks/values.go:174.2,174.54 1 319
github.com/gotthboard/gotth-webhooks/pkg/webhooks/values.go:174.54,176.3 1 2
github.com/gotthboard/gotth-webhooks/pkg/webhooks/values.go:177.2,178.16 2 317
github.com/gotthboard/gotth-webhooks/pkg/webhooks/values.go:178.16,180.3 1 200
github.com/gotthboard/gotth-webhooks/pkg/webhooks/values.go:181.2,181.37 1 117
github.com/gotthboard/gotth-webhooks/pkg/webhooks/values.go:181.37,183.3 1 2
github.com/gotthboard/gotth-webhooks/pkg/webhooks/values.go:184.2,185.246 2 115
github.com/gotthboard/gotth-webhooks/pkg/webhooks/values.go:193.89,203.2 9 115
github.com/gotthboard/gotth-webhooks/pkg/webhooks/values.go:208.46,209.51 1 855
github.com/gotthboard/gotth-webhooks/pkg/webhooks/values.go:209.51,211.3 1 2
github.com/gotthboard/gotth-webhooks/pkg/webhooks/values.go:212.2,212.28 1 853
github.com/gotthboard/gotth-webhooks/pkg/webhooks/values.go:212.28,214.125 2 10937
github.com/gotthboard/gotth-webhooks/pkg/webhooks/values.go:214.125,216.4 1 6
github.com/gotthboard/gotth-webhooks/pkg/webhooks/values.go:218.2,218.12 1 847
github.com/gotthboard/gotth-webhooks/pkg/webhooks/values.go:228.57,229.52 1 431
github.com/gotthboard/gotth-webhooks/pkg/webhooks/values.go:229.52,231.3 1 3
github.com/gotthboard/gotth-webhooks/pkg/webhooks/values.go:232.2,232.28 1 428
github.com/gotthboard/gotth-webhooks/pkg/webhooks/values.go:232.28,233.42 1 7268
github.com/gotthboard/gotth-webhooks/pkg/webhooks/values.go:233.42,235.4 1 299
github.com/gotthboard/gotth-webhooks/pkg/webhooks/values.go:237.2,238.16 2 129
github.com/gotthboard/gotth-webhooks/pkg/webhooks/values.go:238.16,240.3 1 1
github.com/gotthboard/gotth-webhooks/pkg/webhooks/values.go:241.2,242.56 2 128
github.com/gotthboard/gotth-webhooks/pkg/webhooks/values.go:242.56,244.3 1 1
github.com/gotthboard/gotth-webhooks/pkg/webhooks/values.go:245.2,245.23 1 127
github.com/gotthboard/gotth-webhooks/pkg/webhooks/values.go:254.50,255.50 1 359
github.com/gotthboard/gotth-webhooks/pkg/webhooks/values.go:255.50,257.3 1 1
github.com/gotthboard/gotth-webhooks/pkg/webhooks/values.go:258.2,259.117 2 358
github.com/gotthboard/gotth-webhooks/pkg/webhooks/values.go:259.117,261.3 1 10
github.com/gotthboard/gotth-webhooks/pkg/webhooks/values.go:262.2,262.36 1 348
github.com/gotthboard/gotth-webhooks/pkg/webhooks/values.go:262.36,264.3 1 6
github.com/gotthboard/gotth-webhooks/pkg/webhooks/values.go:265.2,266.72 2 342
github.com/gotthboard/gotth-webhooks/pkg/webhooks/values.go:266.72,268.3 1 2
github.com/gotthboard/gotth-webhooks/pkg/webhooks/values.go:269.2,270.33 2 340
github.com/gotthboard/gotth-webhooks/pkg/webhooks/values.go:270.33,272.3 1 1
github.com/gotthboard/gotth-webhooks/pkg/webhooks/values.go:273.2,273.74 1 339
github.com/gotthboard/gotth-webhooks/pkg/webhooks/values.go:273.74,275.3 1 2
github.com/gotthboard/gotth-webhooks/pkg/webhooks/values.go:276.2,277.16 2 337
github.com/gotthboard/gotth-webhooks/pkg/webhooks/values.go:277.16,279.3 1 1
github.com/gotthboard/gotth-webhooks/pkg/webhooks/values.go:280.2,281.33 2 337
github.com/gotthboard/gotth-webhooks/pkg/webhooks/values.go:281.33,283.3 1 1
github.com/gotthboard/gotth-webhooks/pkg/webhooks/values.go:284.2,285.32 2 337
github.com/gotthboard/gotth-webhooks/pkg/webhooks/values.go:285.32,287.3 1 10
github.com/gotthboard/gotth-webhooks/pkg/webhooks/values.go:288.2,289.38 2 327
github.com/gotthboard/gotth-webhooks/pkg/webhooks/values.go:289.38,291.3 1 9
github.com/gotthboard/gotth-webhooks/pkg/webhooks/values.go:292.2,293.16 2 327
github.com/gotthboard/gotth-webhooks/pkg/webhooks/values.go:293.16,295.3 1 0
github.com/gotthboard/gotth-webhooks/pkg/webhooks/values.go:296.2,296.57 1 327
github.com/gotthboard/gotth-webhooks/pkg/webhooks/values.go:304.37,305.32 1 337
github.com/gotthboard/gotth-webhooks/pkg/webhooks/values.go:305.32,307.15 2 153
github.com/gotthboard/gotth-webhooks/pkg/webhooks/values.go:307.15,308.63 1 8
github.com/gotthboard/gotth-webhooks/pkg/webhooks/values.go:308.63,310.5 1 4
github.com/gotthboard/gotth-webhooks/pkg/webhooks/values.go:311.4,312.12 2 4
github.com/gotthboard/gotth-webhooks/pkg/webhooks/values.go:314.3,314.22 1 145
github.com/gotthboard/gotth-webhooks/pkg/webhooks/values.go:314.22,316.4 1 6
github.com/gotthboard/gotth-webhooks/pkg/webhooks/values.go:318.2,318.13 1 327
github.com/gotthboard/gotth-webhooks/pkg/webhooks/values.go:322.25,324.2 1 10
github.com/gotthboard/gotth-webhooks/pkg/webhooks/values.go:328.31,329.80 1 145
github.com/gotthboard/gotth-webhooks/pkg/webhooks/values.go:329.80,331.3 1 101
github.com/gotthboard/gotth-webhooks/pkg/webhooks/values.go:332.2,332.61 1 44
github.com/gotthboard/gotth-webhooks/pkg/webhooks/values.go:340.39,341.50 1 352
github.com/gotthboard/gotth-webhooks/pkg/webhooks/values.go:341.50,343.3 1 3
github.com/gotthboard/gotth-webhooks/pkg/webhooks/values.go:344.2,344.85 1 349
github.com/gotthboard/gotth-webhooks/pkg/webhooks/values.go:344.85,346.3 1 4
github.com/gotthboard/gotth-webhooks/pkg/webhooks/values.go:347.2,347.49 1 345
github.com/gotthboard/gotth-webhooks/pkg/webhooks/values.go:347.49,348.90 1 684
github.com/gotthboard/gotth-webhooks/pkg/webhooks/values.go:348.90,350.4 1 4
github.com/gotthboard/gotth-webhooks/pkg/webhooks/values.go:351.3,351.29 1 680
github.com/gotthboard/gotth-webhooks/pkg/webhooks/values.go:351.29,353.71 2 3395
github.com/gotthboard/gotth-webhooks/pkg/webhooks/values.go:353.71,355.5 1 2
github.com/gotthboard/gotth-webhooks/pkg/webhooks/values.go:358.2,358.13 1 339
github.com/gotthboard/gotth-webhooks/pkg/webhooks/values.go:366.42,367.19 1 159
github.com/gotthboard/gotth-webhooks/pkg/webhooks/values.go:367.19,369.3 1 1
github.com/gotthboard/gotth-webhooks/pkg/webhooks/values.go:370.2,371.27 2 158
github.com/gotthboard/gotth-webhooks/pkg/webhooks/values.go:371.27,373.3 1 23
github.com/gotthboard/gotth-webhooks/pkg/webhooks/values.go:374.2,374.51 1 135
github.com/gotthboard/gotth-webhooks/pkg/webhooks/values.go:374.51,376.3 1 19
github.com/gotthboard/gotth-webhooks/pkg/webhooks/values.go:377.2,377.52 1 116
github.com/gotthboard/gotth-webhooks/pkg/webhooks/values.go:377.52,378.26 1 2750
github.com/gotthboard/gotth-webhooks/pkg/webhooks/values.go:378.26,380.4 1 51
github.com/gotthboard/gotth-webhooks/pkg/webhooks/values.go:382.2,382.13 1 65
github.com/gotthboard/gotth-webhooks/pkg/webhooks/values.go:391.60,393.45 2 31
github.com/gotthboard/gotth-webhooks/pkg/webhooks/values.go:393.45,395.3 1 2
github.com/gotthboard/gotth-webhooks/pkg/webhooks/values.go:396.2,396.24 1 29
